./src/assets/extraResources/leapp_daemon
./src/assets/extraResources/leapp_daemon
./src/assets/extraResources/leapp_daemon
./src/assets/extraResources/leapp_daemon
./src/assets/extraResources/leapp_daemon
./src/assets/extraResources/leapp_daemon
./src/assets/extraResources/leapp_daemon
./src/assets/extraResources/leapp_daemon
./src/assets/extraResources/leapp_daemon
./src/assets/extraResources/leapp_daemon
./src/assets/extraResources/leapp_daemon
./src/assets/extraResources/leapp_daemon
./src/assets/extraResources/leapp_daemon
./src/assets/extraResources/leapp_daemon
./src/assets/extraResources/leapp_daemon
./src/assets/extraResources/leapp_daemon
./src/assets/extraResources/leapp_daemon
./src/assets/extraResources/leapp_daemon
./src/assets/extraResources/leapp_daemon
./src/assets/extraResources/leapp_daemon
./src/assets/extraResources/leapp_daemon
./src/assets/extraResources/leapp_daemon
